============================================================
   Tang Dynasty, V5.6.71036
      Copyright (c) 2012-2023 Anlogic Inc.
   Executable = H:/Electronic Circuit Design/Anlogic/TD5.6.2/bin/td.exe
   Built at =   20:34:38 Mar 21 2023
   Run by =     Lenovo
   Run Date =   Fri Sep 11 08:31:23 2026

   Run on =     JINGZHE
============================================================
RUN-1002 : start command "open_project Smart_Access_FPGA.prj"
RUN-1001 : Print Global Property
RUN-1001 : ---------------------------------------------------------------
RUN-1001 :        Parameters        |  Settings  |  Default Values  |  Note  
RUN-1001 : ---------------------------------------------------------------
RUN-1001 :          message         |  standard  |     standard     |        
RUN-1001 :   mixed_pack_place_flow  |     on     |        on        |        
RUN-1001 :        qor_monitor       |    off     |       off        |        
RUN-1001 :        syn_ip_flow       |    off     |       off        |        
RUN-1001 :          thread          |    auto    |       auto       |        
RUN-1001 : ---------------------------------------------------------------
RUN-1001 : Print Design Property
RUN-1001 : --------------------------------------------------------------
RUN-1001 :        Parameters       |  Settings  |  Default Values  |  Note  
RUN-1001 : --------------------------------------------------------------
RUN-1001 :   default_reg_initial   |    auto    |       auto       |        
RUN-1001 :        infer_add        |     on     |        on        |        
RUN-1001 :        infer_fsm        |    off     |       off        |        
RUN-1001 :        infer_mult       |     on     |        on        |        
RUN-1001 :        infer_ram        |     on     |        on        |        
RUN-1001 :        infer_reg        |     on     |        on        |        
RUN-1001 :   infer_reg_init_value  |     on     |        on        |        
RUN-1001 :        infer_rom        |     on     |        on        |        
RUN-1001 :      infer_shifter      |     on     |        on        |        
RUN-1001 : --------------------------------------------------------------
RUN-1001 : Print Rtl Property
RUN-1001 : --------------------------------------------------------------
RUN-1001 :        Parameters       |  Settings  |  Default Values  |  Note  
RUN-1001 : --------------------------------------------------------------
RUN-1001 :       compress_add      |   ripple   |      ripple      |        
RUN-1001 :        elf_sload        |    off     |       off        |        
RUN-1001 :       fix_undriven      |     0      |        0         |        
RUN-1001 :         flatten         |    off     |       off        |        
RUN-1001 :       gate_sharing      |     on     |        on        |        
RUN-1001 :    hdl_warning_level    |   normal   |      normal      |        
RUN-1001 :   impl_internal_tribuf  |     on     |        on        |        
RUN-1001 :      impl_set_reset     |     on     |        on        |        
RUN-1001 :        infer_gsr        |    off     |       off        |        
RUN-1001 :      keep_hierarchy     |    auto    |       auto       |        
RUN-1001 :        max_fanout       |    9999    |       9999       |        
RUN-1001 :      max_oh2bin_len     |     10     |        10        |        
RUN-1001 :       merge_equal       |     on     |        on        |        
RUN-1001 :       merge_equiv       |     on     |        on        |        
RUN-1001 :        merge_mux        |    off     |       off        |        
RUN-1001 :     min_control_set     |     8      |        8         |        
RUN-1001 :      min_ripple_len     |    auto    |       auto       |        
RUN-1001 :       oh2bin_ratio      |    0.08    |       0.08       |        
RUN-1001 :     opt_adder_fanout    |     on     |        on        |        
RUN-1001 :        opt_arith        |     on     |        on        |        
RUN-1001 :       opt_big_gate      |    off     |       off        |        
RUN-1001 :        opt_const        |     on     |        on        |        
RUN-1001 :      opt_const_mult     |     on     |        on        |        
RUN-1001 :       opt_lessthan      |     on     |        on        |        
RUN-1001 :         opt_mux         |    off     |       off        |        
RUN-1001 :         opt_ram         |    high    |       high       |        
RUN-1001 :      rtl_sim_model      |    off     |       off        |        
RUN-1001 :         seq_syn         |     on     |        on        |        
RUN-1001 : --------------------------------------------------------------
HDL-1007 : analyze verilog file ../../rtl/key/key_scan.v
HDL-1007 : analyze verilog file ../../rtl/key/password_fsm.v
HDL-1007 : analyze verilog file ../../rtl/key/lock_ctrl.v
HDL-1007 : analyze verilog file ../../rtl/security/fail_counter.v
HDL-1007 : analyze verilog file ../../rtl/security/system_lockout.v
HDL-1007 : analyze verilog file ../../rtl/security/alarm_ctrl.v
HDL-1007 : analyze verilog file ../../rtl/top/smart_access_top.v
HDL-1007 : analyze verilog file ../../rtl/uart/uart_rx.v
HDL-1007 : analyze verilog file ../../rtl/uart/uart_tx.v
HDL-1007 : analyze verilog file ../../rtl/uart/packet_parser.v
HDL-1007 : analyze verilog file ../../rtl/security/command_executor.v
HDL-1007 : analyze verilog file ../../rtl/uart/packet_tx.v
HDL-1007 : analyze verilog file ../../rtl/image/frame_buffer.v
HDL-1007 : analyze verilog file ../../rtl/image/image_rx_controller.v
HDL-1007 : analyze verilog file ../../rtl/image/image_stats.v
HDL-1007 : analyze verilog file ../../rtl/image/mean_filter_3x3.v
HDL-1007 : analyze verilog file ../../rtl/image/lbp_3x3.v
HDL-1007 : analyze verilog file ../../rtl/image/lbp_histogram.v
HDL-1007 : analyze verilog file ../../rtl/image/feature_summary.v
HDL-1007 : analyze verilog file ../../rtl/security/auth_fusion.v
HDL-1007 : analyze verilog file ../../rtl/image/feature_matcher_multi.v
HDL-1007 : analyze verilog file ../../rtl/security/face_command_controller_multi.v
HDL-1007 : analyze verilog file ../../rtl/uart/response_controller_multi.v
HDL-1007 : analyze verilog file ../../rtl/top/smart_access_uart_board_top_multi.v
RUN-1001 : Project manager successfully analyzed 24 source files.
RUN-1002 : start command "import_device eagle_s20.db -package EG4S20BG256"
ARC-1001 : Device Initialization.
ARC-1001 : ------------------------------------------------------------------
ARC-1001 :            OPTION            |          IO          |   SETTING   
ARC-1001 : ------------------------------------------------------------------
ARC-1001 :   cso_b/cclk/mosi/miso/dout  |  T3/R11/T10/P10/S11  |    gpio    
ARC-1001 :             done             |         P13          |    gpio    
ARC-1001 :           program_b          |          T2          |  dedicate  
ARC-1001 :        tdi/tms/tck/tdo       |   C12/A15/C14/E14    |  dedicate  
ARC-1001 : ------------------------------------------------------------------
ARC-1004 : Device setting, marked 5 dedicate IOs in total.
RUN-1002 : start command "elaborate -top smart_access_uart_board_top_multi"
RUN-1001 : Print Design Property
RUN-1001 : --------------------------------------------------------------
RUN-1001 :        Parameters       |  Settings  |  Default Values  |  Note  
RUN-1001 : --------------------------------------------------------------
RUN-1001 :   default_reg_initial   |    auto    |       auto       |        
RUN-1001 :        infer_add        |     on     |        on        |        
RUN-1001 :        infer_fsm        |    off     |       off        |        
RUN-1001 :        infer_mult       |     on     |        on        |        
RUN-1001 :        infer_ram        |     on     |        on        |        
RUN-1001 :        infer_reg        |     on     |        on        |        
RUN-1001 :   infer_reg_init_value  |     on     |        on        |        
RUN-1001 :        infer_rom        |     on     |        on        |        
RUN-1001 :      infer_shifter      |     on     |        on        |        
RUN-1001 : --------------------------------------------------------------
RUN-1001 : Print Rtl Property
RUN-1001 : --------------------------------------------------------------
RUN-1001 :        Parameters       |  Settings  |  Default Values  |  Note  
RUN-1001 : --------------------------------------------------------------
RUN-1001 :       compress_add      |   ripple   |      ripple      |        
RUN-1001 :        elf_sload        |    off     |       off        |        
RUN-1001 :       fix_undriven      |     0      |        0         |        
RUN-1001 :         flatten         |    off     |       off        |        
RUN-1001 :       gate_sharing      |     on     |        on        |        
RUN-1001 :    hdl_warning_level    |   normal   |      normal      |        
RUN-1001 :   impl_internal_tribuf  |     on     |        on        |        
RUN-1001 :      impl_set_reset     |     on     |        on        |        
RUN-1001 :        infer_gsr        |    off     |       off        |        
RUN-1001 :      keep_hierarchy     |    auto    |       auto       |        
RUN-1001 :        max_fanout       |    9999    |       9999       |        
RUN-1001 :      max_oh2bin_len     |     10     |        10        |        
RUN-1001 :       merge_equal       |     on     |        on        |        
RUN-1001 :       merge_equiv       |     on     |        on        |        
RUN-1001 :        merge_mux        |    off     |       off        |        
RUN-1001 :     min_control_set     |     8      |        8         |        
RUN-1001 :      min_ripple_len     |    auto    |       auto       |        
RUN-1001 :       oh2bin_ratio      |    0.08    |       0.08       |        
RUN-1001 :     opt_adder_fanout    |     on     |        on        |        
RUN-1001 :        opt_arith        |     on     |        on        |        
RUN-1001 :       opt_big_gate      |    off     |       off        |        
RUN-1001 :        opt_const        |     on     |        on        |        
RUN-1001 :      opt_const_mult     |     on     |        on        |        
RUN-1001 :       opt_lessthan      |     on     |        on        |        
RUN-1001 :         opt_mux         |    off     |       off        |        
RUN-1001 :         opt_ram         |    high    |       high       |        
RUN-1001 :      rtl_sim_model      |    off     |       off        |        
RUN-1001 :         seq_syn         |     on     |        on        |        
RUN-1001 : --------------------------------------------------------------
RUN-1001 : Print Global Property
RUN-1001 : ---------------------------------------------------------------
RUN-1001 :        Parameters        |  Settings  |  Default Values  |  Note  
RUN-1001 : ---------------------------------------------------------------
RUN-1001 :          message         |  standard  |     standard     |        
RUN-1001 :   mixed_pack_place_flow  |     on     |        on        |        
RUN-1001 :        qor_monitor       |    off     |       off        |        
RUN-1001 :        syn_ip_flow       |    off     |       off        |        
RUN-1001 :          thread          |    auto    |       auto       |        
RUN-1001 : ---------------------------------------------------------------
RUN-1001 : Print Design Property
RUN-1001 : --------------------------------------------------------------
RUN-1001 :        Parameters       |  Settings  |  Default Values  |  Note  
RUN-1001 : --------------------------------------------------------------
RUN-1001 :   default_reg_initial   |    auto    |       auto       |        
RUN-1001 :        infer_add        |     on     |        on        |        
RUN-1001 :        infer_fsm        |    off     |       off        |        
RUN-1001 :        infer_mult       |     on     |        on        |        
RUN-1001 :        infer_ram        |     on     |        on        |        
RUN-1001 :        infer_reg        |     on     |        on        |        
RUN-1001 :   infer_reg_init_value  |     on     |        on        |        
RUN-1001 :        infer_rom        |     on     |        on        |        
RUN-1001 :      infer_shifter      |     on     |        on        |        
RUN-1001 : --------------------------------------------------------------
HDL-1007 : elaborate module smart_access_uart_board_top_multi in ../../rtl/top/smart_access_uart_board_top_multi.v(3)
HDL-1007 : elaborate module uart_rx in ../../rtl/uart/uart_rx.v(21)
HDL-1007 : elaborate module packet_parser(MAX_PAYLOAD=80) in ../../rtl/uart/packet_parser.v(27)
HDL-1007 : extracting RAM for identifier 'payload_mem' in ../../rtl/uart/packet_parser.v(102)
HDL-1007 : elaborate module command_executor in ../../rtl/security/command_executor.v(35)
HDL-1007 : port 'digit_count' remains unconnected for this instance in ../../rtl/top/smart_access_top.v(151)
HDL-1007 : port 'entered_password' remains unconnected for this instance in ../../rtl/top/smart_access_top.v(151)
HDL-1007 : port 'fail_count' remains unconnected for this instance in ../../rtl/top/smart_access_top.v(235)
HDL-1007 : elaborate module smart_access_top(BUZZER_IDLE=0) in ../../rtl/top/smart_access_top.v(3)
HDL-1007 : elaborate module key_scan in ../../rtl/key/key_scan.v(38)
HDL-1007 : elaborate module password_fsm in ../../rtl/key/password_fsm.v(23)
HDL-1007 : elaborate module auth_fusion in ../../rtl/security/auth_fusion.v(40)
HDL-1007 : elaborate module fail_counter in ../../rtl/security/fail_counter.v(42)
HDL-1007 : elaborate module system_lockout in ../../rtl/security/system_lockout.v(19)
HDL-1007 : elaborate module lock_ctrl in ../../rtl/key/lock_ctrl.v(3)
HDL-1007 : elaborate module alarm_ctrl(BUZZER_IDLE=0) in ../../rtl/security/alarm_ctrl.v(28)
HDL-1007 : elaborate module image_rx_controller in ../../rtl/image/image_rx_controller.v(54)
HDL-1007 : elaborate module frame_buffer in ../../rtl/image/frame_buffer.v(26)
HDL-1007 : extracting RAM for identifier 'mem' in ../../rtl/image/frame_buffer.v(41)
HDL-1007 : elaborate module image_stats in ../../rtl/image/image_stats.v(32)
HDL-1007 : elaborate module mean_filter_3x3 in ../../rtl/image/mean_filter_3x3.v(34)
HDL-1007 : elaborate module lbp_3x3 in ../../rtl/image/lbp_3x3.v(40)
HDL-1007 : elaborate module lbp_histogram in ../../rtl/image/lbp_histogram.v(14)
HDL-1007 : extracting RAM for identifier 'feature_mem' in ../../rtl/image/lbp_histogram.v(33)
HDL-1007 : elaborate module feature_summary in ../../rtl/image/feature_summary.v(7)
HDL-1007 : elaborate module feature_matcher_multi in ../../rtl/image/feature_matcher_multi.v(6)
HDL-1007 : extracting RAM for identifier 'template_mem' in ../../rtl/image/feature_matcher_multi.v(40)
HDL-1007 : elaborate module face_command_controller_multi in ../../rtl/security/face_command_controller_multi.v(56)
HDL-1007 : elaborate module response_controller_multi in ../../rtl/uart/response_controller_multi.v(3)
HDL-5007 WARNING: net 'payload_mem[12][7]' does not have a driver in ../../rtl/uart/response_controller_multi.v(177)
HDL-1007 : elaborate module packet_tx in ../../rtl/uart/packet_tx.v(30)
HDL-1007 : elaborate module uart_tx in ../../rtl/uart/uart_tx.v(24)
HDL-5001 WARNING: Contains anonymous inst(s) and/or net(s) that have not been renamed
HDL-5001 WARNING: Contains anonymous inst(s) and/or net(s) that have not been renamed
HDL-1200 : Current top model is smart_access_uart_board_top_multi
HDL-1100 : Inferred 4 RAMs.
RUN-1002 : start command "export_db Smart_Access_FPGA_elaborate.db"
RUN-1001 : Exported /
RUN-1001 : Exported flow parameters
RUN-1001 : Exported libs
RUN-1001 : Exported entities
RUN-1001 : Exported ports
RUN-1001 : Exported pins
RUN-1001 : Exported instances
RUN-1001 : Exported nets
RUN-1001 : Exported buses
RUN-1001 : Exported models
RUN-1001 : Exported congestions
RUN-1001 : Exported violations
RUN-1001 : Exported IO constraints
RUN-1001 : Exported Inst constraints
RUN-1002 : start command "read_adc ../../constraint/smart_access.adc"
RUN-1002 : start command "set_pin_assignment  BUZZER   LOCATION = H11; IOSTANDARD = LVCMOS25; DRIVESTRENGTH = 8; PULLTYPE = NONE; "
RUN-1002 : start command "set_pin_assignment  CLK   LOCATION = R7; IOSTANDARD = LVCMOS25; PULLTYPE = PULLUP; "
RUN-1002 : start command "set_pin_assignment  KEY_COL[0]   LOCATION = E11; IOSTANDARD = LVCMOS25; PULLTYPE = PULLUP; "
RUN-1002 : start command "set_pin_assignment  KEY_COL[1]   LOCATION = D11; IOSTANDARD = LVCMOS25; PULLTYPE = PULLUP; "
RUN-1002 : start command "set_pin_assignment  KEY_COL[2]   LOCATION = C11; IOSTANDARD = LVCMOS25; PULLTYPE = PULLUP; "
RUN-1002 : start command "set_pin_assignment  KEY_COL[3]   LOCATION = F10; IOSTANDARD = LVCMOS25; PULLTYPE = PULLUP; "
RUN-1002 : start command "set_pin_assignment  KEY_ROW[0]   LOCATION = E10; IOSTANDARD = LVCMOS25; DRIVESTRENGTH = 8; PULLTYPE = NONE; "
RUN-1002 : start command "set_pin_assignment  KEY_ROW[1]   LOCATION = C10; IOSTANDARD = LVCMOS25; DRIVESTRENGTH = 8; PULLTYPE = NONE; "
RUN-1002 : start command "set_pin_assignment  KEY_ROW[2]   LOCATION = F9; IOSTANDARD = LVCMOS25; DRIVESTRENGTH = 8; PULLTYPE = NONE; "
RUN-1002 : start command "set_pin_assignment  KEY_ROW[3]   LOCATION = D9; IOSTANDARD = LVCMOS25; DRIVESTRENGTH = 8; PULLTYPE = NONE; "
RUN-1002 : start command "set_pin_assignment  LED0_LOCK_OPEN   LOCATION = B14; IOSTANDARD = LVCMOS25; DRIVESTRENGTH = 8; PULLTYPE = NONE; "
RUN-1002 : start command "set_pin_assignment  LED1_LOCKOUT   LOCATION = B15; IOSTANDARD = LVCMOS25; DRIVESTRENGTH = 8; PULLTYPE = NONE; "
RUN-1002 : start command "set_pin_assignment  LED2_COMM_ERROR   LOCATION = B16; IOSTANDARD = LVCMOS25; DRIVESTRENGTH = 8; PULLTYPE = NONE; "
RUN-1002 : start command "set_pin_assignment  LED3_FRAME_READY   LOCATION = C15; IOSTANDARD = LVCMOS25; DRIVESTRENGTH = 8; PULLTYPE = NONE; "
RUN-1002 : start command "set_pin_assignment  SW0_RST_N   LOCATION = A9; IOSTANDARD = LVCMOS25; PULLTYPE = PULLUP; "
RUN-1002 : start command "set_pin_assignment  UART_RX   LOCATION = F12; IOSTANDARD = LVCMOS25; PULLTYPE = PULLUP; "
RUN-1002 : start command "set_pin_assignment  UART_TX   LOCATION = D12; IOSTANDARD = LVCMOS25; DRIVESTRENGTH = 8; PULLTYPE = NONE; "
RUN-1001 : Starting of IO setups legality check.
RUN-1001 : Starting of IO setups legality check.
RUN-1001 : Starting of IO vref setups legality check.
RUN-1002 : start command "optimize_rtl"
RUN-1001 : Open license file H:/Electronic Circuit Design/Anlogic/TD5.6.2/license/Anlogic.lic
RUN-1001 : Print Global Property
RUN-1001 : ---------------------------------------------------------------
RUN-1001 :        Parameters        |  Settings  |  Default Values  |  Note  
RUN-1001 : ---------------------------------------------------------------
RUN-1001 :          message         |  standard  |     standard     |        
RUN-1001 :   mixed_pack_place_flow  |     on     |        on        |        
RUN-1001 :        qor_monitor       |    off     |       off        |        
RUN-1001 :        syn_ip_flow       |    off     |       off        |        
RUN-1001 :          thread          |    auto    |       auto       |        
RUN-1001 : ---------------------------------------------------------------
RUN-1001 : Print Rtl Property
RUN-1001 : --------------------------------------------------------------
RUN-1001 :        Parameters       |  Settings  |  Default Values  |  Note  
RUN-1001 : --------------------------------------------------------------
RUN-1001 :       compress_add      |   ripple   |      ripple      |        
RUN-1001 :        elf_sload        |    off     |       off        |        
RUN-1001 :       fix_undriven      |     0      |        0         |        
RUN-1001 :         flatten         |    off     |       off        |        
RUN-1001 :       gate_sharing      |     on     |        on        |        
RUN-1001 :    hdl_warning_level    |   normal   |      normal      |        
RUN-1001 :   impl_internal_tribuf  |     on     |        on        |        
RUN-1001 :      impl_set_reset     |     on     |        on        |        
RUN-1001 :        infer_gsr        |    off     |       off        |        
RUN-1001 :      keep_hierarchy     |    auto    |       auto       |        
RUN-1001 :        max_fanout       |    9999    |       9999       |        
RUN-1001 :      max_oh2bin_len     |     10     |        10        |        
RUN-1001 :       merge_equal       |     on     |        on        |        
RUN-1001 :       merge_equiv       |     on     |        on        |        
RUN-1001 :        merge_mux        |    off     |       off        |        
RUN-1001 :     min_control_set     |     8      |        8         |        
RUN-1001 :      min_ripple_len     |    auto    |       auto       |        
RUN-1001 :       oh2bin_ratio      |    0.08    |       0.08       |        
RUN-1001 :     opt_adder_fanout    |     on     |        on        |        
RUN-1001 :        opt_arith        |     on     |        on        |        
RUN-1001 :       opt_big_gate      |    off     |       off        |        
RUN-1001 :        opt_const        |     on     |        on        |        
RUN-1001 :      opt_const_mult     |     on     |        on        |        
RUN-1001 :       opt_lessthan      |     on     |        on        |        
RUN-1001 :         opt_mux         |    off     |       off        |        
RUN-1001 :         opt_ram         |    high    |       high       |        
RUN-1001 :      rtl_sim_model      |    off     |       off        |        
RUN-1001 :         seq_syn         |     on     |        on        |        
RUN-1001 : --------------------------------------------------------------
SYN-1012 : SanityCheck: Model "smart_access_uart_board_top_multi"
SYN-1012 : SanityCheck: Model "command_executor"
SYN-1012 : SanityCheck: Model "face_command_controller_multi"
SYN-1012 : SanityCheck: Model "feature_matcher_multi"
SYN-1012 : SanityCheck: Model "feature_summary"
SYN-1012 : SanityCheck: Model "frame_buffer"
SYN-1012 : SanityCheck: Model "image_stats"
SYN-1012 : SanityCheck: Model "image_rx_controller"
SYN-1012 : SanityCheck: Model "lbp_3x3"
SYN-1012 : SanityCheck: Model "lbp_histogram"
SYN-1012 : SanityCheck: Model "mean_filter_3x3"
SYN-1012 : SanityCheck: Model "packet_parser(MAX_PAYLOAD=80)"
SYN-1012 : SanityCheck: Model "packet_tx"
SYN-1012 : SanityCheck: Model "response_controller_multi"
SYN-1012 : SanityCheck: Model "smart_access_top(BUZZER_IDLE=0)"
SYN-1012 : SanityCheck: Model "alarm_ctrl(BUZZER_IDLE=0)"
SYN-1012 : SanityCheck: Model "auth_fusion"
SYN-1012 : SanityCheck: Model "fail_counter"
SYN-1012 : SanityCheck: Model "key_scan"
SYN-1012 : SanityCheck: Model "lock_ctrl"
SYN-1012 : SanityCheck: Model "password_fsm"
SYN-1012 : SanityCheck: Model "system_lockout"
SYN-1012 : SanityCheck: Model "uart_rx"
SYN-1012 : SanityCheck: Model "uart_tx"
SYN-1011 : Flatten model smart_access_uart_board_top_multi
SYN-1032 : 12935/410 useful/useless nets, 2882/50 useful/useless insts
SYN-1001 : Bypass 4 mux instances
SYN-1001 : Optimize 32 less-than instances
SYN-1016 : Merged 1808 instances.
SYN-1025 : Merged 8 RAM ports.
SYN-1027 : Infer Logic DRAM(u_feature_matcher_multi/ramread0_syn_6) read 8192x8, write 8192x8
SYN-1026 : Infer Logic BRAM(u_filtered_frame_buffer/ramread0_syn_6)
	 port mode: single dual port
	 port a size: 4096 x 8	 write mode: NORMAL
	 port b size: 4096 x 8	 write mode: READBEFOREWRITE
SYN-1026 : Infer Logic BRAM(u_lbp_frame_buffer/ramread0_syn_6)
	 port mode: single dual port
	 port a size: 4096 x 8	 write mode: NORMAL
	 port b size: 4096 x 8	 write mode: READBEFOREWRITE
SYN-1025 : Merged 1 RAM ports.
SYN-1027 : Infer Logic DRAM(u_lbp_histogram/ramread0_syn_44) read 1024x8, write 1024x8
SYN-1027 : Infer Logic DRAM(u_lbp_histogram/ramread0_syn_45) read 1024x8, write 1024x8
SYN-1027 : Infer Logic DRAM(u_packet_parser/ramread0_syn_6) read 128x8, write 128x8
SYN-1026 : Infer Logic BRAM(u_raw_frame_buffer/ramread0_syn_6)
	 port mode: single dual port
	 port a size: 4096 x 8	 write mode: NORMAL
	 port b size: 4096 x 8	 write mode: READBEFOREWRITE
SYN-1023 : Infer 4 Logic DRAMs, 3 Logic BRAMs.
SYN-1032 : 11138/2044 useful/useless nets, 2379/681 useful/useless insts
SYN-1016 : Merged 745 instances.
SYN-5013 WARNING: Undriven net: model "smart_access_uart_board_top_multi" / net "u_response_controller_multi/payload_mem[12][7]" in ../../rtl/uart/response_controller_multi.v(177)
SYN-5014 WARNING: the net's pin: pin "i12" in ../../rtl/uart/response_controller_multi.v(199)
SYN-5013 WARNING: Undriven net: model "smart_access_uart_board_top_multi" / net "u_response_controller_multi/payload_mem[12][6]" in ../../rtl/uart/response_controller_multi.v(177)
SYN-5014 WARNING: the net's pin: pin "i12" in ../../rtl/uart/response_controller_multi.v(199)
SYN-5013 WARNING: Undriven net: model "smart_access_uart_board_top_multi" / net "u_response_controller_multi/payload_mem[12][5]" in ../../rtl/uart/response_controller_multi.v(177)
SYN-5014 WARNING: the net's pin: pin "i12" in ../../rtl/uart/response_controller_multi.v(199)
SYN-5013 WARNING: Undriven net: model "smart_access_uart_board_top_multi" / net "u_response_controller_multi/payload_mem[12][4]" in ../../rtl/uart/response_controller_multi.v(177)
SYN-5014 WARNING: the net's pin: pin "i12" in ../../rtl/uart/response_controller_multi.v(199)
SYN-5013 WARNING: Undriven net: model "smart_access_uart_board_top_multi" / net "u_response_controller_multi/payload_mem[12][3]" in ../../rtl/uart/response_controller_multi.v(177)
SYN-5014 WARNING: the net's pin: pin "i12" in ../../rtl/uart/response_controller_multi.v(199)
SYN-5013 WARNING: Undriven net: model "smart_access_uart_board_top_multi" / net "u_response_controller_multi/payload_mem[12][2]" in ../../rtl/uart/response_controller_multi.v(177)
SYN-5014 WARNING: the net's pin: pin "i12" in ../../rtl/uart/response_controller_multi.v(199)
SYN-5013 WARNING: Undriven net: model "smart_access_uart_board_top_multi" / net "u_response_controller_multi/payload_mem[12][1]" in ../../rtl/uart/response_controller_multi.v(177)
SYN-5014 WARNING: the net's pin: pin "i12" in ../../rtl/uart/response_controller_multi.v(199)
SYN-5013 WARNING: Undriven net: model "smart_access_uart_board_top_multi" / net "u_response_controller_multi/payload_mem[12][0]" in ../../rtl/uart/response_controller_multi.v(177)
SYN-5014 WARNING: the net's pin: pin "i12" in ../../rtl/uart/response_controller_multi.v(199)
SYN-5013 WARNING: Undriven net: model "smart_access_uart_board_top_multi" / net "u_response_controller_multi/payload_mem[13][7]" in ../../rtl/uart/response_controller_multi.v(177)
SYN-5014 WARNING: the net's pin: pin "i13" in ../../rtl/uart/response_controller_multi.v(199)
SYN-5013 WARNING: Undriven net: model "smart_access_uart_board_top_multi" / net "u_response_controller_multi/payload_mem[13][6]" in ../../rtl/uart/response_controller_multi.v(177)
SYN-5014 WARNING: the net's pin: pin "i13" in ../../rtl/uart/response_controller_multi.v(199)
SYN-5013 WARNING: Undriven net: model "smart_access_uart_board_top_multi" / net "u_response_controller_multi/payload_mem[13][5]" in ../../rtl/uart/response_controller_multi.v(177)
SYN-5014 WARNING: the net's pin: pin "i13" in ../../rtl/uart/response_controller_multi.v(199)
SYN-5013 WARNING: Undriven net: model "smart_access_uart_board_top_multi" / net "u_response_controller_multi/payload_mem[13][4]" in ../../rtl/uart/response_controller_multi.v(177)
SYN-5014 WARNING: the net's pin: pin "i13" in ../../rtl/uart/response_controller_multi.v(199)
SYN-5013 WARNING: Undriven net: model "smart_access_uart_board_top_multi" / net "u_response_controller_multi/payload_mem[13][3]" in ../../rtl/uart/response_controller_multi.v(177)
SYN-5014 WARNING: the net's pin: pin "i13" in ../../rtl/uart/response_controller_multi.v(199)
SYN-5013 WARNING: Undriven net: model "smart_access_uart_board_top_multi" / net "u_response_controller_multi/payload_mem[13][2]" in ../../rtl/uart/response_controller_multi.v(177)
SYN-5014 WARNING: the net's pin: pin "i13" in ../../rtl/uart/response_controller_multi.v(199)
SYN-5013 WARNING: Undriven net: model "smart_access_uart_board_top_multi" / net "u_response_controller_multi/payload_mem[13][1]" in ../../rtl/uart/response_controller_multi.v(177)
SYN-5014 WARNING: the net's pin: pin "i13" in ../../rtl/uart/response_controller_multi.v(199)
SYN-5013 WARNING: Undriven net: model "smart_access_uart_board_top_multi" / net "u_response_controller_multi/payload_mem[13][0]" in ../../rtl/uart/response_controller_multi.v(177)
SYN-5014 WARNING: the net's pin: pin "i13" in ../../rtl/uart/response_controller_multi.v(199)
SYN-5013 WARNING: Undriven net: model "smart_access_uart_board_top_multi" / net "u_response_controller_multi/payload_mem[14][7]" in ../../rtl/uart/response_controller_multi.v(177)
SYN-5014 WARNING: the net's pin: pin "i14" in ../../rtl/uart/response_controller_multi.v(199)
SYN-5013 WARNING: Undriven net: model "smart_access_uart_board_top_multi" / net "u_response_controller_multi/payload_mem[14][6]" in ../../rtl/uart/response_controller_multi.v(177)
SYN-5014 WARNING: the net's pin: pin "i14" in ../../rtl/uart/response_controller_multi.v(199)
SYN-5013 WARNING: Undriven net: model "smart_access_uart_board_top_multi" / net "u_response_controller_multi/payload_mem[14][5]" in ../../rtl/uart/response_controller_multi.v(177)
SYN-5014 WARNING: the net's pin: pin "i14" in ../../rtl/uart/response_controller_multi.v(199)
SYN-5013 WARNING: Undriven net: model "smart_access_uart_board_top_multi" / net "u_response_controller_multi/payload_mem[14][4]" in ../../rtl/uart/response_controller_multi.v(177)
SYN-5014 WARNING: the net's pin: pin "i14" in ../../rtl/uart/response_controller_multi.v(199)
SYN-5013 WARNING: Undriven net: model "smart_access_uart_board_top_multi" / net "u_response_controller_multi/payload_mem[14][3]" in ../../rtl/uart/response_controller_multi.v(177)
SYN-5014 WARNING: the net's pin: pin "i14" in ../../rtl/uart/response_controller_multi.v(199)
SYN-5013 WARNING: Undriven net: model "smart_access_uart_board_top_multi" / net "u_response_controller_multi/payload_mem[14][2]" in ../../rtl/uart/response_controller_multi.v(177)
SYN-5014 WARNING: the net's pin: pin "i14" in ../../rtl/uart/response_controller_multi.v(199)
SYN-5013 WARNING: Undriven net: model "smart_access_uart_board_top_multi" / net "u_response_controller_multi/payload_mem[14][1]" in ../../rtl/uart/response_controller_multi.v(177)
SYN-5014 WARNING: the net's pin: pin "i14" in ../../rtl/uart/response_controller_multi.v(199)
SYN-5013 WARNING: Undriven net: model "smart_access_uart_board_top_multi" / net "u_response_controller_multi/payload_mem[14][0]" in ../../rtl/uart/response_controller_multi.v(177)
SYN-5014 WARNING: the net's pin: pin "i14" in ../../rtl/uart/response_controller_multi.v(199)
SYN-5013 WARNING: Undriven net: model "smart_access_uart_board_top_multi" / net "u_response_controller_multi/payload_mem[15][7]" in ../../rtl/uart/response_controller_multi.v(177)
SYN-5014 WARNING: the net's pin: pin "i15" in ../../rtl/uart/response_controller_multi.v(199)
SYN-5013 WARNING: Undriven net: model "smart_access_uart_board_top_multi" / net "u_response_controller_multi/payload_mem[15][6]" in ../../rtl/uart/response_controller_multi.v(177)
SYN-5014 WARNING: the net's pin: pin "i15" in ../../rtl/uart/response_controller_multi.v(199)
SYN-5013 WARNING: Undriven net: model "smart_access_uart_board_top_multi" / net "u_response_controller_multi/payload_mem[15][5]" in ../../rtl/uart/response_controller_multi.v(177)
SYN-5014 WARNING: the net's pin: pin "i15" in ../../rtl/uart/response_controller_multi.v(199)
SYN-5013 WARNING: Undriven net: model "smart_access_uart_board_top_multi" / net "u_response_controller_multi/payload_mem[15][4]" in ../../rtl/uart/response_controller_multi.v(177)
SYN-5014 WARNING: the net's pin: pin "i15" in ../../rtl/uart/response_controller_multi.v(199)
SYN-5013 WARNING: Undriven net: model "smart_access_uart_board_top_multi" / net "u_response_controller_multi/payload_mem[15][3]" in ../../rtl/uart/response_controller_multi.v(177)
SYN-5014 WARNING: the net's pin: pin "i15" in ../../rtl/uart/response_controller_multi.v(199)
SYN-5013 WARNING: Undriven net: model "smart_access_uart_board_top_multi" / net "u_response_controller_multi/payload_mem[15][2]" in ../../rtl/uart/response_controller_multi.v(177)
SYN-5014 WARNING: the net's pin: pin "i15" in ../../rtl/uart/response_controller_multi.v(199)
SYN-5013 WARNING: Undriven net: model "smart_access_uart_board_top_multi" / net "u_response_controller_multi/payload_mem[15][1]" in ../../rtl/uart/response_controller_multi.v(177)
SYN-5014 WARNING: the net's pin: pin "i15" in ../../rtl/uart/response_controller_multi.v(199)
SYN-5013 WARNING: Undriven net: model "smart_access_uart_board_top_multi" / net "u_response_controller_multi/payload_mem[15][0]" in ../../rtl/uart/response_controller_multi.v(177)
SYN-5014 WARNING: the net's pin: pin "i15" in ../../rtl/uart/response_controller_multi.v(199)
SYN-5025 WARNING: Using 0 for all undriven pins and nets
SYN-1032 : 10341/143 useful/useless nets, 9305/276 useful/useless insts
SYN-1014 : Optimize round 1
SYN-1017 : Remove 1 const input seq instances
SYN-1002 :     u_smart_access/u_alarm_ctrl/reg1_syn_18
SYN-1019 : Optimized 20 mux instances.
SYN-1021 : Optimized 96 onehot mux instances.
SYN-1020 : Optimized 1630 distributor mux.
SYN-1001 : Optimize 13 less-than instances
SYN-1019 : Optimized 144 mux instances.
SYN-1016 : Merged 4460 instances.
SYN-1015 : Optimize round 1, 8664 better
SYN-1014 : Optimize round 2
SYN-1044 : Optimized 6 inv instances.
SYN-1032 : 7988/47 useful/useless nets, 6960/2241 useful/useless insts
SYN-1017 : Remove 8 const input seq instances
SYN-1002 :     u_command_executor/reg0_syn_4
SYN-1002 :     u_face_command_controller_multi/reg4_syn_18
SYN-1002 :     u_image_rx_controller/reg4_syn_2
SYN-1002 :     u_lbp/reg2_syn_2
SYN-1002 :     u_response_controller_multi/reg12_syn_6
SYN-1002 :     u_smart_access/u_fail_counter/reg0_syn_4
SYN-1002 :     u_smart_access/u_key_scan/reg3_syn_10
SYN-1002 :     u_packet_tx/reg0_syn_6
SYN-1019 : Optimized 40 mux instances.
SYN-1020 : Optimized 8 distributor mux.
SYN-1019 : Optimized 246 mux instances.
SYN-1016 : Merged 20 instances.
SYN-1015 : Optimize round 2, 2736 better
SYN-1032 : 7902/18 useful/useless nets, 6877/55 useful/useless insts
SYN-3003 : Optimized 1 equivalent DFF(s)
SYN-3003 : Optimized 1 equivalent DFF(s)
SYN-3003 : Optimized 1 equivalent DFF(s)
SYN-3003 : Optimized 1 equivalent DFF(s)
SYN-3003 : Optimized 1 equivalent DFF(s)
SYN-3003 : Optimized 1 equivalent DFF(s)
SYN-3003 : Optimized 1 equivalent DFF(s)
SYN-3003 : Optimized 1 equivalent DFF(s)
SYN-3003 : Optimized 1 equivalent DFF(s)
SYN-3003 : Optimized 1 equivalent DFF(s)
SYN-3003 : Optimized 1 equivalent DFF(s)
SYN-3003 : Optimized 1 equivalent DFF(s)
SYN-3003 : Optimized 1 equivalent DFF(s)
SYN-3003 : Optimized 1 equivalent DFF(s)
SYN-3003 : Optimized 1 equivalent DFF(s)
SYN-3003 : Optimized 1 equivalent DFF(s)
SYN-3003 : Optimized 1 equivalent DFF(s)
SYN-3003 : Optimized 1 equivalent DFF(s)
SYN-3003 : Optimized 1 equivalent DFF(s)
SYN-3003 : Optimized 1 equivalent DFF(s)
SYN-3003 : Optimized 1 equivalent DFF(s)
SYN-3003 : Optimized 1 equivalent DFF(s)
SYN-3003 : Optimized 1 equivalent DFF(s)
SYN-3003 : Optimized 1 equivalent DFF(s)
SYN-3003 : Optimized 1 equivalent DFF(s)
SYN-3003 : Optimized 1 equivalent DFF(s)
SYN-3003 : Optimized 1 equivalent DFF(s)
SYN-3003 : Optimized 1 equivalent DFF(s)
SYN-3003 : Optimized 1 equivalent DFF(s)
SYN-3003 : Optimized 1 equivalent DFF(s)
SYN-3003 : Optimized 1 equivalent DFF(s)
SYN-3004 : Optimized 13 const0 DFF(s)
SYN-1032 : 7796/106 useful/useless nets, 6786/47 useful/useless insts
SYN-1014 : Optimize round 1
SYN-1020 : Optimized 2 distributor mux.
SYN-1019 : Optimized 1 mux instances.
SYN-1016 : Merged 24 instances.
SYN-1015 : Optimize round 1, 67 better
SYN-1014 : Optimize round 2
SYN-1044 : Optimized 1 inv instances.
SYN-1032 : 7766/1 useful/useless nets, 6756/12 useful/useless insts
SYN-1020 : Optimized 1 distributor mux.
SYN-1016 : Merged 4 instances.
SYN-1015 : Optimize round 2, 20 better
SYN-1014 : Optimize round 3
SYN-1015 : Optimize round 3, 0 better
RUN-1003 : finish command "optimize_rtl" in  5.244428s wall, 4.703125s user + 0.468750s system = 5.171875s CPU (98.6%)

RUN-1004 : used memory is 177 MB, reserved memory is 146 MB, peak memory is 216 MB
RUN-1002 : start command "report_area -file Smart_Access_FPGA_rtl.area"
RUN-1001 : standard
***Report Model: smart_access_uart_board_top_multi Device: EG4S20BG256***

IO Statistics
#IO                        17
  #input                    7
  #output                  10
  #inout                    0

Gate Statistics
#Basic gates             3611
  #and                    582
  #nand                     0
  #or                     138
  #nor                      0
  #xor                     29
  #xnor                     0
  #buf                      0
  #not                    272
  #bufif1                   0
  #MX21                   990
  #FADD                     0
  #DFF                   1600
  #LATCH                    0
#MACRO_ADD                152
#MACRO_EQ                 100
#MACRO_MULT                 1
#MACRO_MUX               2874
#MACRO_OTHERS               7

Report Hierarchy Area:
+---------------------------------------------------------------------------------------------+
|Instance                          |Module                            |gates  |seq    |macros |
+---------------------------------------------------------------------------------------------+
|top                               |smart_access_uart_board_top_multi |2011   |1600   |260    |
|  u_command_executor              |command_executor                  |30     |8      |9      |
|  u_face_command_controller_multi |face_command_controller_multi     |94     |60     |5      |
|  u_feature_matcher_multi         |feature_matcher_multi             |220    |149    |12     |
|  u_feature_summary               |feature_summary                   |103    |141    |28     |
|  u_filtered_frame_buffer         |frame_buffer                      |0      |0      |1      |
|  u_filtered_stats                |image_stats                       |7      |141    |7      |
|  u_image_rx_controller           |image_rx_controller               |240    |143    |15     |
|  u_lbp                           |lbp_3x3                           |44     |55     |12     |
|  u_lbp_frame_buffer              |frame_buffer                      |0      |0      |1      |
|  u_lbp_histogram                 |lbp_histogram                     |57     |48     |24     |
|  u_lbp_stats                     |image_stats                       |7      |141    |7      |
|  u_mean_filter                   |mean_filter_3x3                   |69     |54     |29     |
|  u_packet_parser                 |packet_parser                     |84     |51     |10     |
|  u_packet_tx                     |packet_tx                         |141    |42     |4      |
|  u_raw_frame_buffer              |frame_buffer                      |0      |0      |1      |
|  u_raw_stats                     |image_stats                       |7      |141    |7      |
|  u_response_controller_multi     |response_controller_multi         |178    |106    |1      |
|  u_smart_access                  |smart_access_top                  |599    |234    |64     |
|    u_alarm_ctrl                  |alarm_ctrl                        |92     |51     |21     |
|    u_auth_fusion                 |auth_fusion                       |169    |35     |3      |
|    u_fail_counter                |fail_counter                      |6      |3      |3      |
|    u_key_scan                    |key_scan                          |202    |65     |24     |
|    u_lock_ctrl                   |lock_ctrl                         |36     |29     |2      |
|    u_password_fsm                |password_fsm                      |48     |21     |7      |
|    u_system_lockout              |system_lockout                    |37     |30     |2      |
|  u_uart_rx                       |uart_rx                           |30     |34     |6      |
|  u_uart_tx                       |uart_tx                           |22     |25     |8      |
+---------------------------------------------------------------------------------------------+

RUN-1002 : start command "export_db Smart_Access_FPGA_rtl.db"
RUN-1001 : Exported /
RUN-1001 : Exported flow parameters
RUN-1001 : Exported libs
RUN-1001 : Exported entities
RUN-1001 : Exported ports
RUN-1001 : Exported pins
RUN-1001 : Exported instances
RUN-1001 : Exported nets
RUN-1001 : Exported buses
RUN-1001 : Exported models
RUN-1001 : Exported congestions
RUN-1001 : Exported violations
RUN-1001 : Exported IO constraints
RUN-1001 : Exported Inst constraints
RUN-1002 : start command "optimize_gate -maparea Smart_Access_FPGA_gate.area"
RUN-1001 : Open license file H:/Electronic Circuit Design/Anlogic/TD5.6.2/license/Anlogic.lic
RUN-1001 : Print Global Property
RUN-1001 : ---------------------------------------------------------------
RUN-1001 :        Parameters        |  Settings  |  Default Values  |  Note  
RUN-1001 : ---------------------------------------------------------------
RUN-1001 :          message         |  standard  |     standard     |        
RUN-1001 :   mixed_pack_place_flow  |     on     |        on        |        
RUN-1001 :        qor_monitor       |    off     |       off        |        
RUN-1001 :        syn_ip_flow       |    off     |       off        |        
RUN-1001 :          thread          |    auto    |       auto       |        
RUN-1001 : ---------------------------------------------------------------
RUN-1001 : Print Gate Property
RUN-1001 : ------------------------------------------------------------------
RUN-1001 :          Parameters         |  Settings  |  Default Values  |  Note  
RUN-1001 : ------------------------------------------------------------------
RUN-1001 :         cascade_dsp         |    off     |       off        |        
RUN-1001 :         cascade_eram        |    off     |       off        |        
RUN-1001 :        gate_sim_model       |    off     |       off        |        
RUN-1001 :        map_sim_model        |    off     |       off        |        
RUN-1001 :         map_strategy        |     1      |        1         |        
RUN-1001 :           opt_area          |   medium   |      medium      |        
RUN-1001 :          opt_timing         |    auto    |       auto       |        
RUN-1001 :         pack_effort         |   medium   |      medium      |        
RUN-1001 :      pack_lslice_ripple     |     on     |        on        |        
RUN-1001 :   pack_lslice_ripple_ratio  |    0.5     |       0.5        |        
RUN-1001 :        pack_seq_in_io       |    auto    |       auto       |        
RUN-1001 :        ph1_mux_ratio        |    1.0     |       1.0        |        
RUN-1001 :            report           |  standard  |     standard     |        
RUN-1001 :           retiming          |    off     |       off        |        
RUN-1001 : ------------------------------------------------------------------
SYN-2001 : Map 17 IOs to PADs
SYN-1032 : 7771/10 useful/useless nets, 6761/10 useful/useless insts
RUN-1002 : start command "update_pll_param -module smart_access_uart_board_top_multi"
SYN-2501 : Processed 0 LOGIC_BUF instances.
SYN-2595 : bram inst: u_filtered_frame_buffer/ramread0_syn_6 is set to PDPW/SP from DP for resource saving
SYN-2595 : bram inst: u_lbp_frame_buffer/ramread0_syn_6 is set to PDPW/SP from DP for resource saving
SYN-2595 : bram inst: u_raw_frame_buffer/ramread0_syn_6 is set to PDPW/SP from DP for resource saving
SYN-2512 : LOGIC BRAM "u_filtered_frame_buffer/ramread0_syn_8"
SYN-2512 : LOGIC BRAM "u_lbp_frame_buffer/ramread0_syn_8"
SYN-2512 : LOGIC BRAM "u_raw_frame_buffer/ramread0_syn_8"
SYN-2531 : Dram(u_feature_matcher_multi/ramread0_syn_6) write 8192x8, read 8192x8
SYN-2531 : Dram(u_lbp_histogram/ramread0_syn_44) write 1024x8, read 1024x8
SYN-2531 : Dram(u_lbp_histogram/ramread0_syn_45) write 1024x8, read 1024x8
SYN-2531 : Dram(u_packet_parser/ramread0_syn_6) write 128x8, read 128x8
SYN-2571 : Map 1 macro multiplier
SYN-2571 : Optimize after map_dsp, round 1
SYN-1032 : 14931/6 useful/useless nets, 10026/0 useful/useless insts
SYN-1016 : Merged 757 instances.
SYN-2571 : Optimize after map_dsp, round 1, 763 better
SYN-2571 : Optimize after map_dsp, round 2
SYN-2571 : Optimize after map_dsp, round 2, 0 better
SYN-1001 : Throwback 74 control mux instances
SYN-2501 : Optimize round 1
SYN-1032 : 14985/128 useful/useless nets, 10210/57 useful/useless insts
SYN-1016 : Merged 314 instances.
SYN-2501 : Optimize round 1, 1226 better
SYN-2501 : Optimize round 2
SYN-2501 : Optimize round 2, 0 better
SYN-2501 : Map 146 macro adder
SYN-3001 : Mapper mapped 7 instances into 1 LUTs, name keeping = 100%.
SYN-3001 : Mapper mapped 7 instances into 1 LUTs, name keeping = 100%.
SYN-3001 : Mapper mapped 7 instances into 1 LUTs, name keeping = 100%.
SYN-3001 : Mapper mapped 7 instances into 1 LUTs, name keeping = 100%.
SYN-3001 : Mapper mapped 7 instances into 1 LUTs, name keeping = 100%.
SYN-3001 : Mapper mapped 7 instances into 1 LUTs, name keeping = 100%.
SYN-3001 : Mapper mapped 7 instances into 1 LUTs, name keeping = 100%.
SYN-3001 : Mapper mapped 7 instances into 1 LUTs, name keeping = 100%.
SYN-3001 : Mapper mapped 7 instances into 1 LUTs, name keeping = 100%.
SYN-3001 : Mapper mapped 7 instances into 1 LUTs, name keeping = 100%.
SYN-3001 : Mapper mapped 7 instances into 1 LUTs, name keeping = 100%.
SYN-3001 : Mapper mapped 7 instances into 1 LUTs, name keeping = 100%.
SYN-3001 : Mapper mapped 7 instances into 1 LUTs, name keeping = 100%.
SYN-3001 : Mapper mapped 7 instances into 1 LUTs, name keeping = 100%.
SYN-3001 : Mapper mapped 7 instances into 1 LUTs, name keeping = 100%.
SYN-3001 : Mapper mapped 7 instances into 1 LUTs, name keeping = 100%.
SYN-3001 : Mapper mapped 7 instances into 1 LUTs, name keeping = 100%.
SYN-3001 : Mapper mapped 7 instances into 1 LUTs, name keeping = 100%.
SYN-3001 : Mapper mapped 7 instances into 1 LUTs, name keeping = 100%.
SYN-3001 : Mapper mapped 7 instances into 1 LUTs, name keeping = 100%.
SYN-3001 : Mapper mapped 7 instances into 1 LUTs, name keeping = 100%.
SYN-3001 : Mapper mapped 3 instances into 1 LUTs, name keeping = 100%.
SYN-3001 : Mapper mapped 3 instances into 1 LUTs, name keeping = 100%.
SYN-2501 : Inferred 17 ROM instances
SYN-1019 : Optimized 2112 mux instances.
SYN-1016 : Merged 918 instances.
SYN-1032 : 24441/181 useful/useless nets, 19753/3 useful/useless insts
SYN-3001 : Running gate level optimization.
SYN-2581 : Mapping with K=5, #lut = 6943 (3.86), #lev = 12 (4.79)
SYN-2551 : Post LUT mapping optimization.
SYN-2581 : Mapping with K=5, #lut = 6787 (3.83), #lev = 10 (4.53)
SYN-3001 : Logic optimization runtime opt =   1.55 sec, map =   0.00 sec
SYN-3001 : Mapper mapped 15653 instances into 6793 LUTs, name keeping = 50%.
SYN-3001 : Mapper removed 6 lut buffers
RUN-1002 : start command "report_area -file Smart_Access_FPGA_gate.area"
RUN-1001 : standard
***Report Model: smart_access_uart_board_top_multi Device: EG4S20BG256***

IO Statistics
#IO                        17
  #input                    7
  #output                  10
  #inout                    0

LUT Statistics
#Total_luts              7976
  #lut4                  5684
  #lut5                  1120
  #lut6                     0
  #lut5_mx41                0
  #lut4_alu1b            1172

Utilization Statistics
#lut                     7976   out of  19600   40.69%
#reg                     1590   out of  19600    8.11%
#le                         0
#dsp                        2   out of     29    6.90%
#bram                       0   out of     64    0.00%
  #bram9k                   0
  #fifo9k                   0
#bram32k                    3   out of     16   18.75%
#dram                    1296
#pad                       17   out of    188    9.04%
  #ireg                     5
  #oreg                    10
  #treg                     0
#pll                        0   out of      4    0.00%

Report Hierarchy Area:
+------------------------------------------------------------------------------------------------------------------+
|Instance                          |Module                            |lut     |ripple  |seq     |bram    |dsp     |
+------------------------------------------------------------------------------------------------------------------+
|top                               |smart_access_uart_board_top_multi |6804    |1172    |1605    |3       |2       |
|  u_command_executor              |command_executor                  |22      |0       |8       |0       |0       |
|  u_face_command_controller_multi |face_command_controller_multi     |123     |9       |60      |0       |0       |
|  u_feature_matcher_multi         |feature_matcher_multi             |3619    |107     |149     |0       |0       |
|  u_feature_summary               |feature_summary                   |384     |85      |141     |0       |2       |
|  u_filtered_frame_buffer         |frame_buffer                      |12      |0       |0       |1       |0       |
|  u_filtered_stats                |image_stats                       |101     |115     |141     |0       |0       |
|  u_image_rx_controller           |image_rx_controller               |302     |17      |143     |0       |0       |
|  u_lbp                           |lbp_3x3                           |131     |38      |55      |0       |0       |
|  u_lbp_frame_buffer              |frame_buffer                      |12      |0       |0       |1       |0       |
|  u_lbp_histogram                 |lbp_histogram                     |545     |43      |48      |0       |0       |
|  u_lbp_stats                     |image_stats                       |101     |115     |141     |0       |0       |
|  u_mean_filter                   |mean_filter_3x3                   |233     |41      |54      |0       |0       |
|  u_packet_parser                 |packet_parser                     |103     |28      |51      |0       |0       |
|  u_packet_tx                     |packet_tx                         |164     |9       |42      |0       |0       |
|  u_raw_frame_buffer              |frame_buffer                      |12      |0       |0       |1       |0       |
|  u_raw_stats                     |image_stats                       |101     |115     |141     |0       |0       |
|  u_response_controller_multi     |response_controller_multi         |367     |0       |106     |0       |0       |
|  u_smart_access                  |smart_access_top                  |389     |393     |226     |0       |0       |
|    u_alarm_ctrl                  |alarm_ctrl                        |113     |178     |51      |0       |0       |
|    u_auth_fusion                 |auth_fusion                       |83      |61      |35      |0       |0       |
|    u_fail_counter                |fail_counter                      |4       |0       |3       |0       |0       |
|    u_key_scan                    |key_scan                          |99      |36      |57      |0       |0       |
|    u_lock_ctrl                   |lock_ctrl                         |30      |59      |29      |0       |0       |
|    u_password_fsm                |password_fsm                      |30      |0       |21      |0       |0       |
|    u_system_lockout              |system_lockout                    |30      |59      |30      |0       |0       |
|  u_uart_rx                       |uart_rx                           |31      |29      |33      |0       |0       |
|  u_uart_tx                       |uart_tx                           |27      |21      |25      |0       |0       |
+------------------------------------------------------------------------------------------------------------------+

SYN-1001 : Packing model "smart_access_uart_board_top_multi" ...
SYN-4010 : Pack lib has 58 rtl pack models with 25 top pack blocks
SYN-1014 : Optimize round 1
SYN-1032 : 15286/0 useful/useless nets, 10839/48 useful/useless insts
SYN-1015 : Optimize round 1, 48 better
SYN-1014 : Optimize round 2
SYN-1015 : Optimize round 2, 0 better
SYN-4002 : Packing 1590 DFF/LATCH to SEQ ...
SYN-4009 : Pack 29 carry chain into lslice
SYN-4007 : Packing 579 adder to BLE ...
SYN-4008 : Packed 579 adder and 1 SEQ to BLE.
SYN-4007 : Packing 0 gate4 to BLE ...
SYN-4008 : Packed 0 gate4 and 0 SEQ to BLE.
SYN-4012 : Packed 0 FxMUX
SYN-4013 : Packed 1248 DRAM and 0 SEQ.
RUN-1003 : finish command "optimize_gate -maparea Smart_Access_FPGA_gate.area" in  8.638318s wall, 8.093750s user + 0.406250s system = 8.500000s CPU (98.4%)

RUN-1004 : used memory is 255 MB, reserved memory is 224 MB, peak memory is 255 MB
RUN-1002 : start command "legalize_phy_inst"
SYN-1011 : Flatten model smart_access_uart_board_top_multi
RUN-1002 : start command "export_db Smart_Access_FPGA_gate.db"
RUN-1001 : Exported /
RUN-1001 : Exported flow parameters
RUN-1001 : Exported libs
RUN-1001 : Exported entities
RUN-1001 : Exported ports
RUN-1001 : Exported pins
RUN-1001 : Exported instances
RUN-1001 : Exported nets
RUN-1001 : Exported buses
RUN-1001 : Exported models
RUN-1001 : Exported congestions
RUN-1001 : Exported violations
RUN-1001 : Exported IO constraints
RUN-1001 : Exported Inst constraints
RUN-1003 : finish command "export_db Smart_Access_FPGA_gate.db" in  1.060111s wall, 1.515625s user + 0.062500s system = 1.578125s CPU (148.9%)

RUN-1004 : used memory is 262 MB, reserved memory is 233 MB, peak memory is 349 MB
RUN-1002 : start command "backup_run_log run.log ../.logs/syn_1/td_20260911_083122.log"
RUN-1001 : Backing up run's log file succeed.
